/Users/2s_this_e/Documents/프로그래밍/java/live_code_ide/live_code_ide/live_code_ide_client/src/main/java/com/ethis2s/service/ChangeInitiator.java
/Users/2s_this_e/Documents/프로그래밍/java/live_code_ide/live_code_ide/live_code_ide_client/src/main/java/com/ethis2s/view/ProblemsView.java
/Users/2s_this_e/Documents/프로그래밍/java/live_code_ide/live_code_ide/live_code_ide_client/src/main/java/com/ethis2s/view/SharedOptionScreen.java
/Users/2s_this_e/Documents/프로그래밍/java/live_code_ide/live_code_ide/live_code_ide_client/src/main/java/com/ethis2s/util/VariableResolver.java
/Users/2s_this_e/Documents/프로그래밍/java/live_code_ide/live_code_ide/live_code_ide_client/src/main/java/com/ethis2s/util/HybridManager.java
/Users/2s_this_e/Documents/프로그래밍/java/live_code_ide/live_code_ide/live_code_ide_client/src/main/java/com/ethis2s/view/editor/EditorTabView.java
/Users/2s_this_e/Documents/프로그래밍/java/live_code_ide/live_code_ide/live_code_ide_client/src/main/java/com/ethis2s/util/MacosNativeUtil.java
/Users/2s_this_e/Documents/프로그래밍/java/live_code_ide/live_code_ide/live_code_ide_client/src/main/java/com/ethis2s/view/DebugView.java
/Users/2s_this_e/Documents/프로그래밍/java/live_code_ide/live_code_ide/live_code_ide_client/src/main/java/com/ethis2s/view/OutputView.java
/Users/2s_this_e/Documents/프로그래밍/java/live_code_ide/live_code_ide/live_code_ide_client/src/main/java/com/ethis2s/util/WindowsNativeUtil.java
/Users/2s_this_e/Documents/프로그래밍/java/live_code_ide/live_code_ide/live_code_ide_client/src/main/java/com/ethis2s/service/AntlrLanguageService.java
/Users/2s_this_e/Documents/프로그래밍/java/live_code_ide/live_code_ide/live_code_ide_client/src/main/java/com/ethis2s/util/OTManager.java
/Users/2s_this_e/Documents/프로그래밍/java/live_code_ide/live_code_ide/live_code_ide_client/src/main/java/com/ethis2s/view/LoginScreen.java
/Users/2s_this_e/Documents/프로그래밍/java/live_code_ide/live_code_ide/live_code_ide_client/src/main/java/com/ethis2s/util/EditorSearchHandler.java
/Users/2s_this_e/Documents/프로그래밍/java/live_code_ide/live_code_ide/live_code_ide_client/src/main/java/com/ethis2s/view/RunView.java
/Users/2s_this_e/Documents/프로그래밍/java/live_code_ide/live_code_ide/live_code_ide_client/src/main/java/com/ethis2s/model/RunConfiguration.java
/Users/2s_this_e/Documents/프로그래밍/java/live_code_ide/live_code_ide/live_code_ide_client/src/main/java/com/ethis2s/util/EditorStateManager.java
/Users/2s_this_e/Documents/프로그래밍/java/live_code_ide/live_code_ide/live_code_ide_client/src/main/java/com/ethis2s/util/EditorListenerManager.java
/Users/2s_this_e/Documents/프로그래밍/java/live_code_ide/live_code_ide/live_code_ide_client/src/main/java/com/ethis2s/service/ClientSocketManager.java
/Users/2s_this_e/Documents/프로그래밍/java/live_code_ide/live_code_ide/live_code_ide_client/src/main/java/com/ethis2s/model/UserInfo.java
/Users/2s_this_e/Documents/프로그래밍/java/live_code_ide/live_code_ide/live_code_ide_client/src/main/java/com/ethis2s/view/CustomAlert.java
/Users/2s_this_e/Documents/프로그래밍/java/live_code_ide/live_code_ide/live_code_ide_client/src/main/java/com/ethis2s/model/Operation.java
/Users/2s_this_e/Documents/프로그래밍/java/live_code_ide/live_code_ide/live_code_ide_client/src/main/java/com/ethis2s/util/EditorEnhancer.java
/Users/2s_this_e/Documents/프로그래밍/java/live_code_ide/live_code_ide/live_code_ide_client/src/main/java/com/ethis2s/view/MainScreen.java
/Users/2s_this_e/Documents/프로그래밍/java/live_code_ide/live_code_ide/live_code_ide_client/src/main/java/com/ethis2s/service/InputInterpreter.java
/Users/2s_this_e/Documents/프로그래밍/java/live_code_ide/live_code_ide/live_code_ide_client/src/main/java/com/ethis2s/Launcher.java
/Users/2s_this_e/Documents/프로그래밍/java/live_code_ide/live_code_ide/live_code_ide_client/src/main/java/com/ethis2s/model/UserProjectsInfo.java
/Users/2s_this_e/Documents/프로그래밍/java/live_code_ide/live_code_ide/live_code_ide_client/src/main/java/com/ethis2s/service/EditorInputManager.java
/Users/2s_this_e/Documents/프로그래밍/java/live_code_ide/live_code_ide/live_code_ide_client/src/main/java/com/ethis2s/util/DebugRedirectStream.java
/Users/2s_this_e/Documents/프로그래밍/java/live_code_ide/live_code_ide/live_code_ide_client/src/main/java/com/ethis2s/service/RemoteCursorManager.java
/Users/2s_this_e/Documents/프로그래밍/java/live_code_ide/live_code_ide/live_code_ide_client/src/main/java/com/ethis2s/view/editor/EditorFactory.java
/Users/2s_this_e/Documents/프로그래밍/java/live_code_ide/live_code_ide/live_code_ide_client/src/main/java/com/ethis2s/service/TabDragDropManager.java
/Users/2s_this_e/Documents/프로그래밍/java/live_code_ide/live_code_ide/live_code_ide_client/src/main/java/com/ethis2s/App.java
/Users/2s_this_e/Documents/프로그래밍/java/live_code_ide/live_code_ide/live_code_ide_client/src/main/java/com/ethis2s/service/AntlrCompletionService.java
/Users/2s_this_e/Documents/프로그래밍/java/live_code_ide/live_code_ide/live_code_ide_client/src/main/java/com/ethis2s/view/FileExecutionSelectionView.java
/Users/2s_this_e/Documents/프로그래밍/java/live_code_ide/live_code_ide/live_code_ide_client/src/main/java/com/ethis2s/view/ProjectPropertiesScreen.java
/Users/2s_this_e/Documents/프로그래밍/java/live_code_ide/live_code_ide/live_code_ide_client/src/main/java/com/ethis2s/view/SettingsView.java
/Users/2s_this_e/Documents/프로그래밍/java/live_code_ide/live_code_ide/live_code_ide_client/src/main/java/com/ethis2s/model/ProtocolConstants.java
/Users/2s_this_e/Documents/프로그래밍/java/live_code_ide/live_code_ide/live_code_ide_client/src/main/java/com/ethis2s/util/EditorContext.java
/Users/2s_this_e/Documents/프로그래밍/java/live_code_ide/live_code_ide/live_code_ide_client/src/main/java/com/ethis2s/view/RegisterScreen.java
/Users/2s_this_e/Documents/프로그래밍/java/live_code_ide/live_code_ide/live_code_ide_client/src/main/java/com/ethis2s/controller/ProjectController.java
/Users/2s_this_e/Documents/프로그래밍/java/live_code_ide/live_code_ide/live_code_ide_client/src/main/java/com/ethis2s/util/Tm4eSyntaxHighlighter.java
/Users/2s_this_e/Documents/프로그래밍/java/live_code_ide/live_code_ide/live_code_ide_client/src/main/java/com/ethis2s/model/LogType.java
/Users/2s_this_e/Documents/프로그래밍/java/live_code_ide/live_code_ide/live_code_ide_client/src/main/java/com/ethis2s/util/ConfigManager.java
/Users/2s_this_e/Documents/프로그래밍/java/live_code_ide/live_code_ide/live_code_ide_client/src/main/java/com/ethis2s/service/CollaborativeUndoHelper.java
/Users/2s_this_e/Documents/프로그래밍/java/live_code_ide/live_code_ide/live_code_ide_client/src/main/java/com/ethis2s/service/ExecutionService.java
/Users/2s_this_e/Documents/프로그래밍/java/live_code_ide/live_code_ide/live_code_ide_client/src/main/java/com/ethis2s/controller/MainController.java
/Users/2s_this_e/Documents/프로그래밍/java/live_code_ide/live_code_ide/live_code_ide_client/src/main/java/com/ethis2s/view/QuadConsumer.java
/Users/2s_this_e/Documents/프로그래밍/java/live_code_ide/live_code_ide/live_code_ide_client/src/main/java/com/ethis2s/service/CompletionService.java
/Users/2s_this_e/Documents/프로그래밍/java/live_code_ide/live_code_ide/live_code_ide_client/src/main/java/com/ethis2s/util/TabPaneFocusManager.java
