com\ethis2s\util\HybridManager$1.class
com\ethis2s\util\WindowsNativeUtil$User32$MONITORINFO.class
com\ethis2s\view\MainScreen$NodeType.class
com\ethis2s\util\ConfigManager.class
com\ethis2s\util\WindowsNativeUtil$Dwmapi$MARGINS.class
com\ethis2s\view\MainScreen$EditableProjectCell.class
com\ethis2s\model\RunConfiguration.class
com\ethis2s\view\ProblemsView.class
com\ethis2s\service\CollaborativeUndoHelper.class
com\ethis2s\view\FileExecutionSelectionView$1.class
com\ethis2s\util\Tm4eSyntaxHighlighter$1.class
com\ethis2s\util\MacosNativeUtil$CGPoint.class
com\ethis2s\service\CompletionService.class
com\ethis2s\controller\MainController.class
com\ethis2s\view\MainScreen$1.class
com\ethis2s\util\WindowsNativeUtil$SUBCLASSPROC.class
com\ethis2s\service\AntlrLanguageService$Symbol$Kind.class
com\ethis2s\util\TabPaneFocusManager.class
com\ethis2s\service\AntlrLanguageService$BracketMapping.class
com\ethis2s\util\MacosNativeUtil$MacosApi.class
com\ethis2s\service\ClientSocketManager$ClientSocketCallback.class
com\ethis2s\util\MacosNativeUtil$CGSize.class
com\ethis2s\view\ProblemsView$TreeData.class
com\ethis2s\service\AntlrLanguageService$1.class
com\ethis2s\util\VariableResolver.class
com\ethis2s\controller\ProjectController$RequestRecord.class
com\ethis2s\util\HybridManager.class
com\ethis2s\util\WindowsNativeUtil$User32.class
com\ethis2s\service\TabDragDropManager.class
com\ethis2s\util\MacosNativeUtil$MacosApi$1.class
com\ethis2s\model\Operation.class
com\ethis2s\util\MacosNativeUtil.class
com\ethis2s\view\FileExecutionSelectionView$FileExecutionInfo.class
com\ethis2s\util\WindowsNativeUtil$HMONITOR.class
com\ethis2s\service\AntlrCompletionService.class
com\ethis2s\util\Tm4eSyntaxHighlighter$LanguageConfig.class
com\ethis2s\view\FileExecutionSelectionView.class
com\ethis2s\service\AntlrLanguageService$SymbolTable.class
com\ethis2s\service\TabDragDropManager$SplitDirection.class
com\ethis2s\util\MacosNativeUtil$CGRect.class
com\ethis2s\service\InputInterpreter.class
com\ethis2s\view\ProblemsView$TotalErrorsNode.class
com\ethis2s\view\SettingsView$1.class
com\ethis2s\view\OutputView.class
com\ethis2s\service\ClientSocketManager.class
com\ethis2s\model\UserProjectsInfo.class
com\ethis2s\view\RegisterScreen.class
com\ethis2s\service\RemoteCursorManager$UserCursorInfo.class
com\ethis2s\util\EditorSearchHandler.class
com\ethis2s\view\ProblemsView$1.class
com\ethis2s\view\editor\EditorTabView.class
com\ethis2s\service\ClientSocketManager$1.class
com\ethis2s\util\Tm4eSyntaxHighlighter.class
com\ethis2s\util\EditorContext.class
com\ethis2s\service\ExecutionService.class
com\ethis2s\util\WindowsNativeUtil$LRESULT_ByReference.class
com\ethis2s\view\ProjectPropertiesScreen.class
com\ethis2s\util\MacosNativeUtil$CGRect$ByValue.class
com\ethis2s\service\EditorInputManager.class
com\ethis2s\view\DebugView.class
com\ethis2s\service\RemoteCursorManager.class
com\ethis2s\service\EditorInputManager$1.class
com\ethis2s\view\CustomAlert.class
com\ethis2s\view\editor\EditorFactory.class
com\ethis2s\model\UserInfo.class
com\ethis2s\service\AntlrLanguageService$AntlrConfig.class
com\ethis2s\util\WindowsNativeUtil$Comctl32.class
com\ethis2s\model\ProtocolConstants.class
com\ethis2s\util\EditorEnhancer.class
com\ethis2s\view\MainScreen.class
com\ethis2s\view\ProblemsView$Problem.class
com\ethis2s\util\EditorListenerManager.class
com\ethis2s\view\ProblemsView$FileNode.class
com\ethis2s\view\SharedOptionScreen.class
com\ethis2s\service\AntlrLanguageService$SyntaxError.class
com\ethis2s\util\Tm4eSyntaxHighlighter$StyleToken.class
com\ethis2s\service\AntlrLanguageService$AnalysisResult.class
com\ethis2s\util\OTManager.class
com\ethis2s\service\AntlrLanguageService$ErrorCollectingErrorListener.class
com\ethis2s\util\Tm4eSyntaxHighlighter$HighlightingTask.class
com\ethis2s\view\MainScreen$FileTreeItem.class
com\ethis2s\view\MainScreen$EditableFileTreeCell.class
com\ethis2s\model\Operation$Type.class
com\ethis2s\util\EditorStateManager$UserLockInfo.class
com\ethis2s\util\WindowsNativeUtil$User32$NCCALCSIZE_PARAMS.class
com\ethis2s\view\ProblemsView$ErrorNode.class
com\ethis2s\view\SettingsView$FeatureItem.class
com\ethis2s\view\RunView.class
com\ethis2s\view\MainScreen$ViewType.class
com\ethis2s\util\WindowsNativeUtil$Dwmapi.class
com\ethis2s\util\WindowsNativeUtil$User32$MINMAXINFO.class
com\ethis2s\service\AntlrLanguageService$Symbol.class
com\ethis2s\util\WindowsNativeUtil.class
com\ethis2s\service\ChangeInitiator.class
com\ethis2s\service\AntlrLanguageService$BracketPair.class
com\ethis2s\controller\ProjectController.class
com\ethis2s\util\ConfigManager$1.class
com\ethis2s\App.class
com\ethis2s\view\LoginScreen.class
com\ethis2s\view\QuadConsumer.class
com\ethis2s\util\EditorStateManager$OpenFileState.class
com\ethis2s\Launcher.class
com\ethis2s\util\WindowsNativeUtil$User32$POINT.class
com\ethis2s\view\SettingsView.class
com\ethis2s\service\AntlrLanguageService.class
com\ethis2s\util\EditorStateManager.class
com\ethis2s\util\DebugRedirectStream.class
com\ethis2s\model\LogType.class
