F:\programing\live_code_ide\live_code_ide_cilent\src\main\java\com\ethis2s\util\OTManager.java
F:\programing\live_code_ide\live_code_ide_cilent\src\main\java\com\ethis2s\view\RegisterScreen.java
F:\programing\live_code_ide\live_code_ide_cilent\src\main\java\com\ethis2s\model\UserInfo.java
F:\programing\live_code_ide\live_code_ide_cilent\src\main\java\com\ethis2s\service\AntlrLanguageService.java
F:\programing\live_code_ide\live_code_ide_cilent\src\main\java\com\ethis2s\util\HybridManager.java
F:\programing\live_code_ide\live_code_ide_cilent\src\main\java\com\ethis2s\view\LoginScreen.java
F:\programing\live_code_ide\live_code_ide_cilent\src\main\java\com\ethis2s\util\TabPaneFocusManager.java
F:\programing\live_code_ide\live_code_ide_cilent\src\main\java\com\ethis2s\util\VariableResolver.java
F:\programing\live_code_ide\live_code_ide_cilent\src\main\java\com\ethis2s\model\Operation.java
F:\programing\live_code_ide\live_code_ide_cilent\src\main\java\com\ethis2s\util\Tm4eSyntaxHighlighter.java
F:\programing\live_code_ide\live_code_ide_cilent\src\main\java\com\ethis2s\util\DebugRedirectStream.java
F:\programing\live_code_ide\live_code_ide_cilent\src\main\java\com\ethis2s\service\ChangeInitiator.java
F:\programing\live_code_ide\live_code_ide_cilent\src\main\java\com\ethis2s\model\UserProjectsInfo.java
F:\programing\live_code_ide\live_code_ide_cilent\src\main\java\com\ethis2s\view\CustomAlert.java
F:\programing\live_code_ide\live_code_ide_cilent\src\main\java\com\ethis2s\view\MainScreen.java
F:\programing\live_code_ide\live_code_ide_cilent\src\main\java\com\ethis2s\service\TabDragDropManager.java
F:\programing\live_code_ide\live_code_ide_cilent\src\main\java\com\ethis2s\util\EditorSearchHandler.java
F:\programing\live_code_ide\live_code_ide_cilent\src\main\java\com\ethis2s\view\ProjectPropertiesScreen.java
F:\programing\live_code_ide\live_code_ide_cilent\src\main\java\com\ethis2s\service\AntlrCompletionService.java
F:\programing\live_code_ide\live_code_ide_cilent\src\main\java\com\ethis2s\util\EditorContext.java
F:\programing\live_code_ide\live_code_ide_cilent\src\main\java\com\ethis2s\view\SettingsView.java
F:\programing\live_code_ide\live_code_ide_cilent\src\main\java\com\ethis2s\view\OutputView.java
F:\programing\live_code_ide\live_code_ide_cilent\src\main\java\com\ethis2s\util\WindowsNativeUtil.java
F:\programing\live_code_ide\live_code_ide_cilent\src\main\java\com\ethis2s\service\EditorInputManager.java
F:\programing\live_code_ide\live_code_ide_cilent\src\main\java\com\ethis2s\Launcher.java
F:\programing\live_code_ide\live_code_ide_cilent\src\main\java\com\ethis2s\controller\ProjectController.java
F:\programing\live_code_ide\live_code_ide_cilent\src\main\java\com\ethis2s\util\EditorListenerManager.java
F:\programing\live_code_ide\live_code_ide_cilent\src\main\java\com\ethis2s\model\LogType.java
F:\programing\live_code_ide\live_code_ide_cilent\src\main\java\com\ethis2s\service\CompletionService.java
F:\programing\live_code_ide\live_code_ide_cilent\src\main\java\com\ethis2s\view\SharedOptionScreen.java
F:\programing\live_code_ide\live_code_ide_cilent\src\main\java\com\ethis2s\util\EditorStateManager.java
F:\programing\live_code_ide\live_code_ide_cilent\src\main\java\com\ethis2s\view\DebugView.java
F:\programing\live_code_ide\live_code_ide_cilent\src\main\java\com\ethis2s\util\ConfigManager.java
F:\programing\live_code_ide\live_code_ide_cilent\src\main\java\com\ethis2s\App.java
F:\programing\live_code_ide\live_code_ide_cilent\src\main\java\com\ethis2s\service\CollaborativeUndoHelper.java
F:\programing\live_code_ide\live_code_ide_cilent\src\main\java\com\ethis2s\view\ProblemsView.java
F:\programing\live_code_ide\live_code_ide_cilent\src\main\java\com\ethis2s\model\RunConfiguration.java
F:\programing\live_code_ide\live_code_ide_cilent\src\main\java\com\ethis2s\service\ClientSocketManager.java
F:\programing\live_code_ide\live_code_ide_cilent\src\main\java\com\ethis2s\view\editor\EditorTabView.java
F:\programing\live_code_ide\live_code_ide_cilent\src\main\java\com\ethis2s\view\QuadConsumer.java
F:\programing\live_code_ide\live_code_ide_cilent\src\main\java\com\ethis2s\util\MacosNativeUtil.java
F:\programing\live_code_ide\live_code_ide_cilent\src\main\java\com\ethis2s\view\RunView.java
F:\programing\live_code_ide\live_code_ide_cilent\src\main\java\com\ethis2s\model\ProtocolConstants.java
F:\programing\live_code_ide\live_code_ide_cilent\src\main\java\com\ethis2s\view\FileExecutionSelectionView.java
F:\programing\live_code_ide\live_code_ide_cilent\src\main\java\com\ethis2s\controller\MainController.java
F:\programing\live_code_ide\live_code_ide_cilent\src\main\java\com\ethis2s\service\InputInterpreter.java
F:\programing\live_code_ide\live_code_ide_cilent\src\main\java\com\ethis2s\util\EditorEnhancer.java
F:\programing\live_code_ide\live_code_ide_cilent\src\main\java\com\ethis2s\service\RemoteCursorManager.java
F:\programing\live_code_ide\live_code_ide_cilent\src\main\java\com\ethis2s\service\ExecutionService.java
F:\programing\live_code_ide\live_code_ide_cilent\src\main\java\com\ethis2s\view\editor\EditorFactory.java
